../Core/Src/hd44780u.c:14:13:pause	24	static
../Core/Src/hd44780u.c:24:13:write_nibble	16	static
../Core/Src/hd44780u.c:39:13:write_byte	16	static
../Core/Src/hd44780u.c:45:6:HD44780U_Init	8	static
../Core/Src/hd44780u.c:65:5:HD44780U_Write_At_Cursor	16	static
../Core/Src/hd44780u.c:80:5:HD44780U_Delete_At_Cursor	16	static
../Core/Src/hd44780u.c:113:5:HD44780U_Write_Line	16	static
../Core/Src/hd44780u.c:129:5:HD44780U_Move_Cursor	24	static
../Core/Src/hd44780u.c:162:6:HD44780U_Clear	8	static
../Core/Src/hd44780u.c:167:6:print_int	64	static
../Core/Src/hd44780u.c:209:6:HD44780U_Write_Double	32	static
